// Jest Snapshot v1, https://goo.gl/fbAQLP

exports[`Home tests render home 1`] = `
Object {
  "asFragment": [Function],
  "baseElement": <body>
    <div>
      <section
        class="main-section"
      >
        <div
          class="gooey"
        >
          <div
            class="gooey-container"
          >
            <span
              class="dot"
            />
            <div
              class="dots"
            >
              <span />
              <span />
              <span />
            </div>
          </div>
        </div>
        <div
          class="main-header flex flex--column"
        >
          <div
            class="header-intro flex"
          >
            <img
              alt="Europe map mask"
              src="eu-map.svg"
            />
            <div
              class="intro-title flex flex--column"
            >
              <h2>
                Europe
              </h2>
              <p>
                Population: 746.4 million
              </p>
            </div>
          </div>
        </div>
        <div
          class="countries"
        >
          <div
            class="header-search"
          >
            <input
              class="input-search"
              placeholder="Search by country name"
              type="search"
              value=""
            />
          </div>
          <div
            class="countries-cards grid"
          >
            <p>
              Loading
            </p>
          </div>
        </div>
      </section>
    </div>
  </body>,
  "container": <div>
    <section
      class="main-section"
    >
      <div
        class="gooey"
      >
        <div
          class="gooey-container"
        >
          <span
            class="dot"
          />
          <div
            class="dots"
          >
            <span />
            <span />
            <span />
          </div>
        </div>
      </div>
      <div
        class="main-header flex flex--column"
      >
        <div
          class="header-intro flex"
        >
          <img
            alt="Europe map mask"
            src="eu-map.svg"
          />
          <div
            class="intro-title flex flex--column"
          >
            <h2>
              Europe
            </h2>
            <p>
              Population: 746.4 million
            </p>
          </div>
        </div>
      </div>
      <div
        class="countries"
      >
        <div
          class="header-search"
        >
          <input
            class="input-search"
            placeholder="Search by country name"
            type="search"
            value=""
          />
        </div>
        <div
          class="countries-cards grid"
        >
          <p>
            Loading
          </p>
        </div>
      </div>
    </section>
  </div>,
  "debug": [Function],
  "findAllByAltText": [Function],
  "findAllByDisplayValue": [Function],
  "findAllByLabelText": [Function],
  "findAllByPlaceholderText": [Function],
  "findAllByRole": [Function],
  "findAllByTestId": [Function],
  "findAllByText": [Function],
  "findAllByTitle": [Function],
  "findByAltText": [Function],
  "findByDisplayValue": [Function],
  "findByLabelText": [Function],
  "findByPlaceholderText": [Function],
  "findByRole": [Function],
  "findByTestId": [Function],
  "findByText": [Function],
  "findByTitle": [Function],
  "getAllByAltText": [Function],
  "getAllByDisplayValue": [Function],
  "getAllByLabelText": [Function],
  "getAllByPlaceholderText": [Function],
  "getAllByRole": [Function],
  "getAllByTestId": [Function],
  "getAllByText": [Function],
  "getAllByTitle": [Function],
  "getByAltText": [Function],
  "getByDisplayValue": [Function],
  "getByLabelText": [Function],
  "getByPlaceholderText": [Function],
  "getByRole": [Function],
  "getByTestId": [Function],
  "getByText": [Function],
  "getByTitle": [Function],
  "queryAllByAltText": [Function],
  "queryAllByDisplayValue": [Function],
  "queryAllByLabelText": [Function],
  "queryAllByPlaceholderText": [Function],
  "queryAllByRole": [Function],
  "queryAllByTestId": [Function],
  "queryAllByText": [Function],
  "queryAllByTitle": [Function],
  "queryByAltText": [Function],
  "queryByDisplayValue": [Function],
  "queryByLabelText": [Function],
  "queryByPlaceholderText": [Function],
  "queryByRole": [Function],
  "queryByTestId": [Function],
  "queryByText": [Function],
  "queryByTitle": [Function],
  "rerender": [Function],
  "unmount": [Function],
}
`;
